[crash] 2026-09-13 01:05:34
System.EntryPointNotFoundException: Unable to find an entry point named 'de_menu_create_bar' in shared library 'digitoyengine_native'.
   at DigitoyEditor.EditorMenu.MenuCreateBar()
   at DigitoyEditor.EditorMenu.Build(IntPtr glfwWindow, Assembly[] assemblies) in /Users/mustafaozsakalli/Work/digitoygmes/game_rd/editor/EditorMenu.cs:line 140
   at DigitoyEditor.App.Main() in /Users/mustafaozsakalli/Work/digitoygmes/game_rd/editor/EditorApp.cs:line 108
[crash] 2026-09-15 14:02:12
System.EntryPointNotFoundException: Unable to find an entry point named 'de_sokol_shader_valid' in shared library 'digitoyengine_native'.
   at DigitoyEngine.Sokol.ShaderValid(UInt32 id)
   at DigitoyEngine.Shader.TryCreateEffect(String fragmentBody, Boolean localUv, String& error) in /Users/mustafaozsakalli/Work/digitoygmes/game_rd/engine/managed/Shader.cs:line 268
   at DigitoyEditor.PixelEffectTests.Run() in /Users/mustafaozsakalli/Work/digitoygmes/game_rd/editor/PixelEffectTests.cs:line 25
   at DigitoyEditor.App.Main() in /Users/mustafaozsakalli/Work/digitoygmes/game_rd/editor/EditorApp.cs:line 133
[crash] 2026-09-15 15:40:13
System.NullReferenceException: Object reference not set to an instance of an object.
   at DigitoyEngine.SceneDoc.Spawn(Transform parent, TypeCatalog catalog, AssetDatabase assets, Dictionary`2 liveMap) in /Users/mustafaozsakalli/Work/digitoygmes/game_rd/engine/managed/Serialization/SceneDoc.cs:line 190
   at DigitoyEditor.EditorScene.Instantiate(TypeCatalog catalog, AssetDatabase assets) in /Users/mustafaozsakalli/Work/digitoygmes/game_rd/editor/EditorScene.cs:line 64
   at DigitoyEditor.EditorScene.RefreshLive() in /Users/mustafaozsakalli/Work/digitoygmes/game_rd/editor/EditorScene.cs:line 202
   at DigitoyEditor.EditorScene.AddComponent(GoDoc g, String typeName) in /Users/mustafaozsakalli/Work/digitoygmes/game_rd/editor/EditorScene.cs:line 785
   at DigitoyEditor.InspectorPanel.OnGui() in /Users/mustafaozsakalli/Work/digitoygmes/game_rd/editor/InspectorPanel.cs:line 194
   at DigitoyEditor.EditorWindow.DrawPanel(Int32 panelId) in /Users/mustafaozsakalli/Work/digitoygmes/game_rd/editor/EditorWindow.cs:line 19
   at DigitoyEngine.Editor.GuiDock.DrawLeaf(Int32 ni, Rect& r) in /Users/mustafaozsakalli/Work/digitoygmes/game_rd/engine/managed/Gui/GuiDock.cs:line 1007
   at DigitoyEngine.Editor.GuiDock.ResolveAndDraw(Int32 ni, Rect& r) in /Users/mustafaozsakalli/Work/digitoygmes/game_rd/engine/managed/Gui/GuiDock.cs:line 784
   at DigitoyEngine.Editor.GuiDock.ResolveAndDraw(Int32 ni, Rect& r) in /Users/mustafaozsakalli/Work/digitoygmes/game_rd/engine/managed/Gui/GuiDock.cs:line 857
   at DigitoyEngine.Editor.GuiDock.ResolveAndDraw(Int32 ni, Rect& r) in /Users/mustafaozsakalli/Work/digitoygmes/game_rd/engine/managed/Gui/GuiDock.cs:line 857
   at DigitoyEngine.Editor.GuiDock.DockSpace(Rect& rect) in /Users/mustafaozsakalli/Work/digitoygmes/game_rd/engine/managed/Gui/GuiDock.cs:line 775
   at DigitoyEditor.App.DrawUi() in /Users/mustafaozsakalli/Work/digitoygmes/game_rd/editor/EditorApp.cs:line 365
   at DigitoyEngine.Editor.GuiHost.RunPass(EventType type, Vec2 mouse, Vec2 delta, Int32 button, Int32 clickCount, Int32 keyCode, Char character, EventModifiers mods, Rect screen, GuiFunc gui) in /Users/mustafaozsakalli/Work/digitoygmes/game_rd/engine/managed/Gui/GuiHost.cs:line 52
   at DigitoyEngine.Editor.GuiHost.Frame(IntPtr window, Rect screen, GuiFunc gui, Single scale) in /Users/mustafaozsakalli/Work/digitoygmes/game_rd/engine/managed/Gui/GuiHost.cs:line 34
   at DigitoyEditor.App.Main() in /Users/mustafaozsakalli/Work/digitoygmes/game_rd/editor/EditorApp.cs:line 237
[crash] 2026-10-04 20:28:00
System.ArgumentNullException: Value cannot be null. (Parameter 'field')
   at System.ArgumentNullException.Throw(String paramName)
   at System.ArgumentNullException.ThrowIfNull(Object argument, String paramName)
   at System.Linq.Expressions.Expression.Field(Expression expression, FieldInfo field)
   at DigitoyEngine.AnimRegistry.Walk(FieldSchema[] schema, String prefix, Expression owner, Type ownerType, ParameterExpression c, ParameterExpression v, List`1 list, Int32 depth) in C:\Work\digitoygames\game_rd\engine\managed\Animation.cs:line 227
   at DigitoyEngine.AnimRegistry.BuildReflective(Type type, FieldSchema[] schema) in C:\Work\digitoygames\game_rd\engine\managed\Animation.cs:line 187
   at DigitoyEngine.AnimRegistry.PropsOf(TypeCatalog catalog, Type type) in C:\Work\digitoygames\game_rd\engine\managed\Animation.cs:line 147
   at DigitoyEngine.AnimRegistry.Find(TypeCatalog catalog, Type type, String path) in C:\Work\digitoygames\game_rd\engine\managed\Animation.cs:line 156
   at DigitoyEngine.MovieClip.ResolveProperty(ClipTrack t) in C:\Work\digitoygames\game_rd\engine\managed\MovieClip.cs:line 444
   at DigitoyEngine.MovieClip.Rebuild() in C:\Work\digitoygames\game_rd\engine\managed\MovieClip.cs:line 453
   at DigitoyEditor.MovieClipTests.NestedViaFrameProperty(Scene s) in C:\Work\digitoygames\game_rd\editor\MovieClipTests.cs:line 233
   at DigitoyEditor.MovieClipTests.Run(TypeCatalog catalog) in C:\Work\digitoygames\game_rd\editor\MovieClipTests.cs:line 29
   at DigitoyEditor.App.Main() in C:\Work\digitoygames\game_rd\editor\EditorApp.cs:line 127
